// Jest Snapshot v1, https://goo.gl/fbAQLP

exports[`clicking a book adds it to the selection 1`] = `
<div
  className="bookshelf root-0-0"
>
  <div
    className="root-0-1"
    onClick={[Function]}
  >
    <div>
      <div
        className="root-0-3"
        style={
          Object {
            "height": 187,
            "width": 128,
          }
        }
      >
        <img
          className="image-0-6"
          height={187}
          src="http://placehold.it/128x187"
          title="Not a real book"
          width={128}
        />
        <div
          className="reflection-0-7"
        >
          <img
            className="flippedImage-0-4"
            height={187}
            src="http://placehold.it/128x187"
            width={128}
          />
          <div
            className="reflectionOverlay-0-9"
            style={
              Object {
                "height": 187,
                "width": 128,
              }
            }
          />
        </div>
      </div>
    </div>
  </div>
  <div
    className="root-0-1"
    onClick={[Function]}
  >
    <div>
      <div
        className="root-0-3"
        style={
          Object {
            "height": 187,
            "width": 128,
          }
        }
      >
        <img
          className="image-0-6"
          height={187}
          src="http://placehold.it/128x187"
          title="Also not a real book"
          width={128}
        />
        <div
          className="reflection-0-7"
        >
          <img
            className="flippedImage-0-4"
            height={187}
            src="http://placehold.it/128x187"
            width={128}
          />
          <div
            className="reflectionOverlay-0-9"
            style={
              Object {
                "height": 187,
                "width": 128,
              }
            }
          />
        </div>
      </div>
    </div>
  </div>
</div>
`;
